// Jest Snapshot v1, https://goo.gl/fbAQLP

exports[`Component Layer should render component 1`] = `
<div
  className="layer left-up"
>
  Layer children
</div>
`;
