// Jest Snapshot v1, https://goo.gl/fbAQLP

exports[`getCurrentLocation should fetch data 1`] = `
Object {
  "lat": 51.5074,
  "lng": 0.1278,
}
`;
