// Jest Snapshot v1, https://goo.gl/fbAQLP

exports[`Component Loader should render component 1`] = `
<img
  alt="loading"
  src="../../../img/loader.gif"
/>
`;
